[backblue.gif]
[fade.gif]
[index.html]
[www.boleteriavip.com.ar/images/shared/favicon.png]
[www.boleteriavip.com.ar/fonts/montserrat/montserrat-v26-latin-300.woff2]
[www.boleteriavip.com.ar/fonts/montserrat/montserrat-v26-latin-regular.woff2]
[www.boleteriavip.com.ar/fonts/montserrat/montserrat-v26-latin-500.woff2]
[www.boleteriavip.com.ar/fonts/montserrat/montserrat-v26-latin-600.woff2]
[www.boleteriavip.com.ar/fonts/montserrat/montserrat-v26-latin-700.woff2]
[www.boleteriavip.com.ar/fonts/montserrat/montserrat-v26-latin-800.woff2]
[www.boleteriavip.com.ar/assets/lib/bootstrap-5.3.1-dist/css/bootstrap.min.css]
[www.boleteriavip.com.ar/css/bolvip-theme-x263.min.css]
[www.boleteriavip.com.ar/assets/images/shared/logo-boleteriavip-small2.png]
[www.boleteriavip.com.ar/assets/images/shared/boleteriavip-banner.webm]
[www.boleteriavip.com.ar/assets/images/shared/boleteriavip-banner.mp4]
[www.boleteriavip.com.ar/images/shared/afip-data-fiscal-150.jpg]
[www.boleteriavip.com.ar/assets/lib/bootstrap-5.3.1-dist/js/bootstrap.bundle.min.js]
[www.boleteriavip.com.ar/js/bolvip-bundle-x263.min.js]
[www.boleteriavip.com.ar/ingresar5be1.html]
[www.boleteriavip.com.ar/assets/lib/bootstrap-5.3.1-dist/css/bootstrap.min.css]
[www.boleteriavip.com.ar/fonts/montserrat/montserrat-v26-latin-200.woff2]
[www.boleteriavip.com.ar/fonts/montserrat/montserrat-v26-latin-200italic.woff2]
[www.boleteriavip.com.ar/fonts/montserrat/montserrat-v26-latin-300italic.woff2]
[www.boleteriavip.com.ar/fonts/montserrat/montserrat-v26-latin-italic.woff2]
[www.boleteriavip.com.ar/fonts/montserrat/montserrat-v26-latin-500italic.woff2]
[www.boleteriavip.com.ar/fonts/montserrat/montserrat-v26-latin-600italic.woff2]
[www.boleteriavip.com.ar/fonts/montserrat/montserrat-v26-latin-700italic.woff2]
[www.boleteriavip.com.ar/fonts/montserrat/montserrat-v26-latin-800italic.woff2]
[www.boleteriavip.com.ar/images/forms/no_photo.png]
[www.boleteriavip.com.ar/css/bolvip-theme-x263.min.css]
[www.boleteriavip.com.ar/imgs/talleres-vs-river-plate-2024-08-14-carousel_1ef4a70650e8c1277f2a5e54236380d5557ed133.jpg]
[www.boleteriavip.com.ar/imgs/vino-sabalero-2024-08-12-carousel_8439d4b03dc1f41d4d13ac41eceeef683426b420.jpg]
[www.boleteriavip.com.ar/imgs/cumpleanos-junio-2024-06-30-carousel_86e5975fdc12571561aaf3232d8887021b2fd660.jpg]
[www.boleteriavip.com.ar/imgs/patronato-vs-alvarado-2024-07-28-carousel_1bdee42491147a92597491f9057279a32dc7def9.jpg]
[www.boleteriavip.com.ar/imgs/libro-del-campeon-2024-07-03-carousel_79d2ae39223329e75438bab9094a3a2a259c112c.jpg]
[www.boleteriavip.com.ar/upload/photos/normal/pagar-cuota-talleres-2020.jpg]
[www.boleteriavip.com.ar/images/shared/blank.gif]
[www.boleteriavip.com.ar/imgs/talleres-vs-river-plate-2024-08-14-home_e111fe287c0daaeaae96e555aed0781a07df240c.jpg]
[www.boleteriavip.com.ar/images/shared/330x153_blank.png]
[www.boleteriavip.com.ar/imgs/vino-sabalero-2024-08-12-home_22079454a98983259346ee79c30856961697bdd0.jpg]
[www.boleteriavip.com.ar/imgs/cumpleanos-junio-2024-06-30-home_5852a46c3b84911260422593455f6adfc61c6b37.jpg]
[www.boleteriavip.com.ar/imgs/patronato-vs-alvarado-2024-07-28-home_90175dc93c2f3eae303b4a8bf07fa61efcda340e.jpg]
[www.boleteriavip.com.ar/imgs/lanus-vs-belgrano-2024-07-25-home_a61ce39c37cadd944dfa756305fa0ee461594305.jpg]
[www.boleteriavip.com.ar/imgs/talleres-vs-defensa-y-justicia-2024-07-24-home_7d135b4150e294f12a85b386ba717566d06aeec7.jpg]
[www.boleteriavip.com.ar/imgs/independiente-vs-barracas-central-2024-07-23-home_c73976d206475272645c66691b7712f7fca7e735.jpg]
[www.boleteriavip.com.ar/imgs/newells-vs-ind-rivadavia-2024-07-23-home_ab38cdbff8eb658ac645dc74a16458d6ed8460da.jpg]
[www.boleteriavip.com.ar/imgs/colon-vs-estudiantes-rc-2024-07-20-home_08626cfbed7aa3d1afaaa5f3ad9743a05fd3edf1.jpg]
[www.boleteriavip.com.ar/imgs/patronato-vs-colon--2024-07-14-home_09d0f5c10e473e23941f150e377d5c057988ed49.jpg]
[www.boleteriavip.com.ar/imgs/aniversario-estadio-2024-07-10-home_b0accf282afc203acd2cf475c50b0b059eb4ae86.jpg]
[www.boleteriavip.com.ar/imgs/patronato-vs-tristan-suarez-2024-07-07-home_b9f5486ac10899dfb3d2b514e9f9044ecd26fcf2.jpg]
[www.boleteriavip.com.ar/imgs/libro-del-campeon-2024-07-03-home_3327d81c684bd3f29241ee67a24a74b257d7e727.jpg]
[www.boleteriavip.com.ar/imgs/colon-vs-atlanta-2024-06-30-home_a9e85905405b2cfd3890e995aa79825c02e24cd0.jpg]
[www.boleteriavip.com.ar/imgs/patronato-vs-agropecuario-2024-06-23-home_78f953559fd5369c15063dde46eca9d8e305d283.jpg]
[www.boleteriavip.com.ar/imgs/lanus-vs-river-plate-reserva-2024-06-23-home_b8e86dc1734ac2036fa6ac22333c03114f0d8605.jpg]
[www.boleteriavip.com.ar/imgs/union-vs-san-lorenzo-2024-06-15-home_ce5769f2c8b16b55a43529cf2eaaa487eb28f154.jpg]
[www.boleteriavip.com.ar/imgs/talleres-vs-platense-2024-06-14-home_d00484a99aa5e11e37ce8a483bd42ae6a5903cf5.jpg]
[www.boleteriavip.com.ar/imgs/lanus-vs-racing-club-2024-06-13-home_00e9c3f1f348fafe615e253088c399ca9c0fedd4.jpg]
[www.boleteriavip.com.ar/imgs/newells-vs-instituto-2024-06-13-home_7d07f3007b8ce5433fe86e36de2a422795eb5fe2.jpg]
[www.boleteriavip.com.ar/imgs/patronato-vs-brown-pm-2024-06-09-home_df991ba7e82aca3acbda1b8b2ad6531c14b5e7ce.jpg]
[www.boleteriavip.com.ar/imgs/colon-vs-atletico-rafaela-2024-05-31-home_c2e44fd4a18bf68c808fb6afd78f36d7b879262b.jpg]
[www.boleteriavip.com.ar/imgs/lanus-vs-cuiaba-2024-05-29-home_90973fa2624779b21d2936f033e937d37dc4b44d.jpg]
[www.boleteriavip.com.ar/imgs/union-vs-barracas-central-2024-05-27-home_8d748f0d3ce7b9edbdf2843848d3c157b1969f37.jpg]
[www.boleteriavip.com.ar/imgs/patronato-vs-arsenal-2024-05-26-home_2d1b38ea90cf58dd2b02581fcac3d1121f04bd4e.jpg]
[www.boleteriavip.com.ar/imgs/newells-vs-defensa-y-justicia-2024-05-25-home_aab1d2d39f915c7c4cc4ea062a28d6c26b4ab8d7.jpg]
[www.boleteriavip.com.ar/imgs/lanus-vs-estudiantes-lp-2024-05-24-home_37f561ccf2a0f8fd1278d2a64bd4535010033f44.jpg]
[www.boleteriavip.com.ar/imgs/talleres-vs-atl-tucuman-2024-05-18-home_3fcb85fa8873e14af57eb909cafb7231a75bc14a.jpg]
[www.boleteriavip.com.ar/imgs/colon-vs-chaco-for-ever-2024-05-19-home_753b4ba6b54ee53f6f77d25c52b8a553e930b036.jpg]
[www.boleteriavip.com.ar/imgs/lanus-vs-metropolitanos-2024-05-15-home_3853e2de352a5c9fa71735701c687950943adfd7.jpg]
[www.boleteriavip.com.ar/imgs/talleres-vs-cobresal-2024-05-14-home_4c8af3658add0faef1afc41652874abdb070a834.jpg]
[www.boleteriavip.com.ar/imgs/union-vs-banfield-2024-05-13-home_7b1c56e31e7d26be93f797798a07cf0a91148a05.jpg]
[www.boleteriavip.com.ar/imgs/lanus-vs-ind-rivadavia-2024-05-12-home_f57fc51f66a883d47a905f6c9d0ec40538a8753b.jpg]
[www.boleteriavip.com.ar/imgs/patronato-vs-chacarita-jrs-2024-05-12-home_15fd7709ebe72f44cd9b4640341d4ec795deebee.jpg]
[www.boleteriavip.com.ar/imgs/piel-sabalera-2024-05-12-home_7cee6d39648ed0d98931d69ef175c11a48f02ff0.jpg]
[www.boleteriavip.com.ar/imgs/newells-vs-platense-2024-05-10-home_a313ba6e72ab07f162fb30472ab57ef19d1df65c.jpg]
[www.boleteriavip.com.ar/imgs/talleres-vs-barcelona-e-2024-05-08-home_7897b60be4d609208a358f8e6b31191bf0cf61ab.jpg]
[www.boleteriavip.com.ar/imgs/colon-vs-almagro-2024-05-03-home_bb8e20ef1e0957df5585356fbfeeb35af2cb8b2b.jpg]
[www.boleteriavip.com.ar/imgs/union-vs-estudiantes-futbol-femenino-2024-04-28-home_4ef16848cf83275a6d45ed64940be49835e12845.jpg]
[www.boleteriavip.com.ar/imgs/patronato-vs-talleres-rde-2024-04-27-home_8ca5fa78941e03183b893af7ea4680cfa402c2a7.jpg]
[www.boleteriavip.com.ar/imgs/colon-vs-temperley-2024-04-20-home_5234cf84ea523222ca23cefa90f3caddeaa28ed9.jpg]
[www.boleteriavip.com.ar/imgs/lanus-vs-estudiantes-lp-2024-04-16-home_690f8222db9dacce4d9accfd9d83268c57d16afe.jpg]
[www.boleteriavip.com.ar/imgs/patronato-vs-san-miguel-2024-04-14-home_b2f410ae26ff6370a4f50e7d5f535514ca9674ef.jpg]
[www.boleteriavip.com.ar/imgs/lanus-vs-dep-garcilaso-2024-04-11-home_a38498ea3dbca5e40d4844152d280dc275fa90b1.jpg]
[www.boleteriavip.com.ar/imgs/union-vs-belgrano-2024-04-06-home_ad7504a810009cefb4e42bcca3372459750bc7dd.jpg]
[www.boleteriavip.com.ar/imgs/talleres-vs-independiente-mza-2024-04-06-home_7bd311a4651a9db4f00821024e91e1a210e8fa56.jpg]
[www.boleteriavip.com.ar/imgs/newells-vs-boca-jrs-2024-04-06-home_6d40663987f878e850bf40d1a204340ddb26f742.jpg]
[www.boleteriavip.com.ar/imgs/colon-vs-nueva-chicago-2024-04-05-home_be4a172f2ea32782209e08a1e70f9d2d0e5ceb53.jpg]
[www.boleteriavip.com.ar/imgs/talleres-vs-sao-paulo-2024-04-04-home_58395d4babf9a63d3f55a58287635124ac41a062.jpg]
[www.boleteriavip.com.ar/imgs/patronato-vs-dep-maipu-2024-03-31-home_5583f00678c796b173b783798c8565b11dfea64b.jpg]
[www.boleteriavip.com.ar/imgs/talleres-vs-velez-sarsfield-2024-03-30-home_59a00731e1c5b98136e72bfaeb285e58fef66d55.jpg]
[www.boleteriavip.com.ar/imgs/lanus-vs-union--2024-03-27-home_8da7b8bdf2725c2b738cb031b3d516c8bb246fd5.jpg]
[www.boleteriavip.com.ar/imgs/colon-vs-gimnasia-s-2024-03-25-home_0252d1fe615b5734fe0d4207b13dfacf0d9c7bca.jpg]
[www.boleteriavip.com.ar/imgs/union-vs-central-cordoba-2024-03-18-home_5ffdbd22cf91f2de03a0cfdc5701d2d05295ef0e.jpg]
[www.boleteriavip.com.ar/imgs/patronato-vs-guemes-sde-2024-03-17-home_65e9990436c75b374b94d2d186df7bb3ed12f4c8.jpg]
[www.boleteriavip.com.ar/imgs/newells-vs-plantese-2024-03-15-home_4bb17cb297094d56184867b0582c37805965a227.jpg]
[www.boleteriavip.com.ar/imgs/talleres-vs--atl-tucuman-2024-03-10-home_3d33d8a0f27b2957da28ff27f0ea5a9f0263d61e.jpg]
[www.boleteriavip.com.ar/imgs/colon-vs-aldosivi-2024-03-10-home_f0e6d2375fd842e6f6c6c9efb5bd050c6c397858.jpg]
[www.boleteriavip.com.ar/imgs/sorteo-ingreso-a-la-cancha-2024-03-10-home_4ffa3f38cb45d6b108dae687c3aed99afef681f4.jpg]
[www.boleteriavip.com.ar/imgs/newells-vs-tigre-2024-03-07-home_47aec692ff8f3108877011d159ee661bf4e1c757.jpg]
[www.boleteriavip.com.ar/imgs/lanus-vs-central-cordoba-2024-03-07-home_cb9ee45d9d3df74599919db546d94c93da02cdc3.jpg]
[www.boleteriavip.com.ar/imgs/union-vs-boca-juniors-2024-03-06-home_5af4f75927dcb18aa0d9b2cb0635fb12472dec6e.jpg]
[www.boleteriavip.com.ar/imgs/newells-vs-san-lorenzo-2024-03-03-home_b7de940a8a0e0e595d35c2a83f560f5488550ecb.jpg]
[www.boleteriavip.com.ar/imgs/patronato-vs-racing-cba-2024-03-03-home_7f3e8fc45cf9fa14e8e5b5e13a0863c816c5a0ce.jpg]
[www.boleteriavip.com.ar/imgs/talleres-vs-river-plate-2024-03-02-home_c375df73fdab9dfe94e5f411e9934d8c999657c7.jpg]
[www.boleteriavip.com.ar/imgs/lanus-vs-banfield-2024-02-25-home_674547611b9d8316b0e9822b94ae32463a05a8d3.jpg]
[www.boleteriavip.com.ar/imgs/colon-vs-patronato-2024-02-25-home_e306e0039e23104139cb1a77ea05435d735c15e2.jpg]
[www.boleteriavip.com.ar/imgs/newells-vs-rosario-central-2024-02-25-home_4e7e2e0f4b951b3ece6d1e914c4bbc9eba40a617.jpg]
[www.boleteriavip.com.ar/imgs/union-vs-ind-rivadavia-2024-02-24-home_30e5092d1416e58530bba1cb8afb94eb0c96699c.jpg]
[www.boleteriavip.com.ar/imgs/union-vs-platense-2024-02-19-home_93c31a9c70115b834271972c02042b59cc50aca4.jpg]
[www.boleteriavip.com.ar/imgs/lanus-vs-boca-jrs-2024-02-18-home_735b5112e8739a744cff63ede2d3319a343f6f6d.jpg]
[www.boleteriavip.com.ar/imgs/colon-vs-almirante-brown-2024-02-18-home_4c1a60ead4750e0e003f3b6ff36c6a319c8912fd.jpg]
[www.boleteriavip.com.ar/imgs/prueba-pileta-2023-11-28-home_5902dceb22500b648988caca3b9713196cfe1ccc.jpg]
[www.boleteriavip.com.ar/imgs/talleres-vs-argentinos-jrs-2024-02-15-home_00d1c6d5a13aa08a5bd177941486cf323acdf21c.jpg]
[www.boleteriavip.com.ar/imgs/newells-vs-racing-2024-02-12-home_54423f687117f4df97e4c35f2bbcdaaa18d7563a.jpg]
[www.boleteriavip.com.ar/imgs/patronato-vs-all-boys-2024-02-11-home_ccd62146109c752b1d84aa978d1c1b9c6993fee7.jpg]
[www.boleteriavip.com.ar/imgs/union-vs-newells-2024-02-09-home_95909266559bec68268eccde2eabf0e146075335.jpg]
[www.boleteriavip.com.ar/imgs/newells-vs-belgrano-2024-02-04-home_647ecd5fdd51b86a7f3a1f1623cc92ce0c245f2e.jpg]
[www.boleteriavip.com.ar/imgs/talleres-vs-rosario-central-2024-02-03-home_bb2f2c30474dea79d95436773945e45f579231c7.jpg]
[www.boleteriavip.com.ar/imgs/colon-vs-def-unidos-2024-02-03-home_37e1e9503daba1c144f27dfa67f16d90b48d0d1f.jpg]
[www.boleteriavip.com.ar/imgs/union-vs-estudiantes-lp-2024-02-01-home_f92cb3841568885cd9d87a46cf52981db9a82572.jpg]
[www.boleteriavip.com.ar/imgs/lanus-vs-newells--2024-01-30-home_a03a1947ab1ce3c404512aa73eb843328cab53e6.jpg]
[www.boleteriavip.com.ar/imgs/talleres-vs-gimnasia-lp-2024-01-26-home_c181ab1899850fb23f02db14f42f5d7259220491.jpg]
[www.boleteriavip.com.ar/index.html]
[www.boleteriavip.com.ar/ingresar.html]
[www.boleteriavip.com.ar/ingresar94d2.html]
[www.boleteriavip.com.ar/altasocio/club.html]
[www.boleteriavip.com.ar/ingresarc1f7.html]
[www.boleteriavip.com.ar/ingresarbb51.html]
[www.boleteriavip.com.ar/socios/habilitacion.html]
[www.boleteriavip.com.ar/ingresar119e.html]
[www.boleteriavip.com.ar/ingresar1689.html]
[www.boleteriavip.com.ar/ingresar55ba.html]
[www.boleteriavip.com.ar/upload/photos/normal/2.jpg]
[www.boleteriavip.com.ar/imgs/pack-sudamericana-2024-2024-08-06-home_f403010067e67ab03e1b92fea0ddbf61ef7b6cd8.jpg]
[www.boleteriavip.com.ar/imgs/amistoso-independiente-vs-olimpia-2024-07-01-home_48336eb43f6051438cf92f2790b1ac8730148739.jpg]
[www.boleteriavip.com.ar/imgs/independiente-vs-banfield-2024-06-12-home_62400fbccad42de49aa77ad182812a1d0da2a68c.jpg]
[www.boleteriavip.com.ar/imgs/independiente-vs-velez-sarsfield-2024-05-26-home_b7e4944d5d5444efaca937f6206a2f66d5484172.jpg]
[www.boleteriavip.com.ar/imgs/pack-libertadores-2024-2024-05-20-home_ea153ea87439bf58a558816a5daa1b23769666d2.jpg]
[www.boleteriavip.com.ar/imgs/independiente-vs-talleres-2024-05-11-home_2f6d68de60a9b7186fbbeccf17c3459e71558428.jpg]
[www.boleteriavip.com.ar/imgs/independiente-vs-talleres-2024-04-15-home_796b72b34c877b7160bfe454adc8b76040a84691.jpg]
[www.boleteriavip.com.ar/assets/images/talleres/talleres-vs-sao-paulo-mapa.jpg]
[www.boleteriavip.com.ar/imgs/independiente-vs-atl-tucuman-2024-03-31-home_9d97d5421d5ec622ce6decf74cd2ccebda3698d4.jpg]
[www.boleteriavip.com.ar/imgs/sorteo-viaje-a-brasil-2024-04-26-home_f65feb11293f5181170ba67c7ea31112fa772926.jpg]
[www.boleteriavip.com.ar/imgs/sorteo-viaje-a-brasil-2024-04-26-home_63c0b6bdf5b22b1d90b2f2f1df98be7fcc1aa895.jpg]
[www.boleteriavip.com.ar/imgs/independiente-vs-river-plate-2024-03-09-home_f4538aa23659a02a29ae91dd4e15e41cd16a350f.jpg]
[www.boleteriavip.com.ar/imgs/independiente-vs-argentinos-jrs-2024-03-02-home_b5575f009725c953e059f95511a6c85059bc6074.jpg]
[www.boleteriavip.com.ar/imgs/independiente-vs-racing-club-2024-02-24-home_e7f6e365b6239b97810b378245899fba9f202047.jpg]
[www.boleteriavip.com.ar/imgs/independiente-vs-rosario-central-2024-02-13-home_07d3abebf50c43206a80ec2fa2afe5dfd23ef0b3.jpg]
[www.boleteriavip.com.ar/imgs/racing-vs-rosario-central-2022-09-30-home_b32401d14d2b10e4998010dbcd36753c0ac50a36.jpg]
[www.boleteriavip.com.ar/imgs/colon-vs-argentinos-jrs-2022-09-26-home_136eef84b58e3c6d6100aa496afae97888985fa2.jpg]
[www.boleteriavip.com.ar/imgs/racing-vs-union-sta-fe-2022-09-25-home_a304e9742add24adf5f6ef7909b84cedc8e63583.jpg]
[www.boleteriavip.com.ar/imgs/lanus-vs-san-lorenzo-2022-09-24-home_e2323623057120c388be0afc2e2d3650c65b0b4a.jpg]
[www.boleteriavip.com.ar/imgs/patronato-vs-rosario-central-2022-09-20-home_5e5fadc3003205c676875f88a1ccd341aaa61b6e.jpg]
[www.boleteriavip.com.ar/imgs/talleres-vs-colon-2022-09-18-home_c3561c7836fa69a4c6c9137b63486016fd4f263d.jpg]
[www.boleteriavip.com.ar/category/description/1/Futbol.html]
[www.boleteriavip.com.ar/upload/photos/normal/3.jpg]
[www.boleteriavip.com.ar/category/description/2/Recitales.html]
[www.boleteriavip.com.ar/upload/photos/normal/4.jpg]
[www.boleteriavip.com.ar/category/description/3/Fiestas-Nacionales.html]
[www.boleteriavip.com.ar/upload/photos/normal/5.jpg]
[www.boleteriavip.com.ar/category/description/4/Teatros.html]
[www.boleteriavip.com.ar/upload/photos/normal/actividades.jpg]
[www.boleteriavip.com.ar/category/description/11/Actividades.html]
[www.boleteriavip.com.ar/upload/photos/normal/newells-beneficios.png]
[www.boleteriavip.com.ar/category/description/12/Newells---Club-de-Beneficios.html]
[www.boleteriavip.com.ar/upload/photos/normal/280x280_7.jpg]
[www.boleteriavip.com.ar/upload/photos/normal/estadio-newells.jpg]
[www.boleteriavip.com.ar/upload/photos/normal/280x280_estadio-colon.jpg]
[www.boleteriavip.com.ar/imgs/patronato-cancha.jpg]
[www.boleteriavip.com.ar/upload/photos/normal/280x280_san-lorenzo-estadio.jpg]
[www.boleteriavip.com.ar/upload/photos/normal/280x280_talleres-sede.jpg]
[www.boleteriavip.com.ar/upload/photos/normal/280x280_lanus-estadio-280x280.jpg]
[www.boleteriavip.com.ar/assets/images/rosariocentral/rosariocentral-estadio.jpg]
[www.boleteriavip.com.ar/assets/images/union/caunion_cancha.jpg]
[www.boleteriavip.com.ar/assets/images/caindependiente/cai-main-01.jpg]
[www.boleteriavip.com.ar/sedes.html]
[www.boleteriavip.com.ar/sedes/informacion/caunion.html]
[www.boleteriavip.com.ar/sedes/informacion/colon.html]
[www.boleteriavip.com.ar/sedes/informacion/lanus.html]
[www.boleteriavip.com.ar/sedes/informacion/newells.html]
[www.boleteriavip.com.ar/sedes/informacion/patronato.html]
[www.boleteriavip.com.ar/sedes/informacion/rosariocentral.html]
[www.boleteriavip.com.ar/sedes/informacion/talleres.html]
[www.boleteriavip.com.ar/sedes/informacion/sanlorenzo.html]
[www.boleteriavip.com.ar/ingresar8e07.html]
[www.boleteriavip.com.ar/ingresar8db2.html]
[www.boleteriavip.com.ar/auth/google/ingresar/indexe343.html]
[www.boleteriavip.com.ar/recuperar_contrasena.html]
[www.boleteriavip.com.ar/registro.html]
[www.boleteriavip.com.ar/repent.html]
[www.boleteriavip.com.ar/images/talleres/estadio-kempes-ilustrado.jpg]
[www.boleteriavip.com.ar/imgs/talleres-vs-river-plate-2024-08-14-big_af52147014204644d654f57c74fc6288b1e0fb5c.jpg]
[www.boleteriavip.com.ar/js/events-bundle-x263.min.js]
[www.boleteriavip.com.ar/event/description/829/talleres-vs-river-plate.html]
[www.boleteriavip.com.ar/imgs/vino-sabalero-2024-08-12-big_10d0fa86af994d84c187c9d9bc76157fd1483927.jpg]
[www.boleteriavip.com.ar/event/description/834/vino-sabalero.html]
[www.boleteriavip.com.ar/imgs/cumpleanos-junio-2024-06-30-big_8b31cd3bf1cf7dd79ad338b4a63f475756381997.jpg]
[www.boleteriavip.com.ar/event/description/821/descuentos-en-tu-cumpleanos.html]
[www.boleteriavip.com.ar/imgs/patronato-vs-alvarado-2024-07-28-big_da0055d889d6aa936203bda072b7103eb2b1f59f.jpg]
[www.boleteriavip.com.ar/event/description/842/patronato-vs-alvarado.html]
[www.boleteriavip.com.ar/imgs/libro-del-campeon-2024-07-03-big_41aaaeadf6942c6ddd06648bb11b563cdf07ac98.jpg]
[www.boleteriavip.com.ar/event/description/820/libro-del-campeon.html]
[www.boleteriavip.com.ar/ingresar16b0.html]
[www.boleteriavip.com.ar/imgs/lanus-vs-belgrano-2024-07-25-big_3a8bb1ec54da8952343d714b465d027d3cdffbec.jpg]
[www.boleteriavip.com.ar/event/description/836/lanus-vs-belgrano.html]
[www.boleteriavip.com.ar/imgs/talleres-vs-defensa-y-justicia-2024-07-24-big_0528f29d3bec8ca429492698da086852aaa6df10.jpg]
[www.boleteriavip.com.ar/event/description/841/talleres-vs-defensa-y-justicia.html]
[www.boleteriavip.com.ar/imgs/independiente-vs-barracas-central-2024-07-23-big_1f1b0ce9b396dc85bcefc78afca0ed8bdcc39d99.jpg]
[www.boleteriavip.com.ar/event/description/839/independiente-vs-barracas-central.html]
[www.boleteriavip.com.ar/imgs/newells-vs-ind-rivadavia-2024-07-23-big_2e6b5f688890796d89844e37a967eae9b06263ea.jpg]
[www.boleteriavip.com.ar/event/description/835/newells-vs-ind-rivadavia.html]
[www.boleteriavip.com.ar/imgs/colon-vs-estudiantes-rc-2024-07-20-big_47ac20564f3cc0dcf33888894bc1d03fc88dc042.jpg]
[www.boleteriavip.com.ar/event/description/837/colon-vs-estudiantes-rc.html]
[www.boleteriavip.com.ar/imgs/patronato-vs-colon--2024-07-14-big_fcf29942d1bd1994b946926cd748f6865d0b5b23.jpg]
[www.boleteriavip.com.ar/event/description/833/patronato-vs-colon-.html]
[www.boleteriavip.com.ar/imgs/aniversario-estadio-2024-07-10-big_0e09ff8dd2ac010dd0f3394ff4743af232ce15c2.jpg]
[www.boleteriavip.com.ar/event/description/831/aniversario-estadio.html]
[www.boleteriavip.com.ar/imgs/patronato-vs-tristan-suarez-2024-07-07-big_3c7397f3a37e959bb3eed269fb17e9ea5e6275ee.jpg]
[www.boleteriavip.com.ar/event/description/832/patronato-vs-tristan-suarez.html]
[www.boleteriavip.com.ar/imgs/colon-vs-atlanta-2024-06-30-big_d8274b7950fd9b9ace6e3542c1680bb133412b25.jpg]
[www.boleteriavip.com.ar/event/description/827/colon-vs-atlanta.html]
[www.boleteriavip.com.ar/imgs/patronato-vs-agropecuario-2024-06-23-big_3b84d0e727f2e25fcb1693703030af12d4a06eb1.jpg]
[www.boleteriavip.com.ar/event/description/826/patronato-vs-agropecuario.html]
[www.boleteriavip.com.ar/imgs/lanus-vs-river-plate-reserva-2024-06-23-big_089cec3ebe9c16a26d0a52b78c84b93fbbcb29e1.jpg]
[www.boleteriavip.com.ar/event/description/825/lanus-vs-river-plate-reserva.html]
[www.boleteriavip.com.ar/imgs/union-vs-san-lorenzo-2024-06-15-big_c27f6c4aca6a824db9bb6566614446a8d7dc6b3c.jpg]
[www.boleteriavip.com.ar/event/description/822/union-vs-san-lorenzo.html]
[www.boleteriavip.com.ar/imgs/talleres-vs-platense-2024-06-14-big_9250db90f8ce40194ea134c7b0a1c6a11a1c34ce.jpg]
[www.boleteriavip.com.ar/event/description/817/talleres-vs-platense.html]
[www.boleteriavip.com.ar/imgs/lanus-vs-racing-club-2024-06-13-big_e850f253aaaca9b713b605bddbea21809ee635d3.jpg]
[www.boleteriavip.com.ar/event/description/816/lanus-vs-racing-club.html]
[www.boleteriavip.com.ar/imgs/newells-vs-instituto-2024-06-13-big_ab1c83cbe27d0e070424dc82563d8302b01fadf1.jpg]
[www.boleteriavip.com.ar/event/description/818/newells-vs-instituto.html]
[www.boleteriavip.com.ar/imgs/patronato-vs-brown-pm-2024-06-09-big_d5ad8e94b0549354e49a57883e5b31ce901d1e6f.jpg]
[www.boleteriavip.com.ar/event/description/824/patronato-vs-brown-pm.html]
[www.boleteriavip.com.ar/imgs/colon-vs-atletico-rafaela-2024-05-31-big_0c74f9a04acbbfb60e26cb71b6f3dbc3f5ed068d.jpg]
[www.boleteriavip.com.ar/event/description/813/colon-vs-atletico-rafaela.html]
[www.boleteriavip.com.ar/imgs/lanus-vs-cuiaba-2024-05-29-big_67617e07a6bf4dda70cf773719b99a85e1286189.jpg]
[www.boleteriavip.com.ar/event/description/814/lanus-vs-cuiaba.html]
[www.boleteriavip.com.ar/imgs/union-vs-barracas-central-2024-05-27-big_ce695c01a808c965ff741e51ea6e84f1dbaf2c99.jpg]
[www.boleteriavip.com.ar/event/description/811/union-vs-barracas-central.html]
[www.boleteriavip.com.ar/imgs/patronato-vs-arsenal-2024-05-26-big_f6afaff8c90c9831d0244b5dee60fd5ce6a88e96.jpg]
[www.boleteriavip.com.ar/event/description/812/patronato-vs-arsenal.html]
[www.boleteriavip.com.ar/imgs/newells-vs-defensa-y-justicia-2024-05-25-big_c96f07559c881a25ad6449b8273075fc34987e88.jpg]
[www.boleteriavip.com.ar/event/description/808/newells-vs-defensa-y-justicia.html]
[www.boleteriavip.com.ar/imgs/lanus-vs-estudiantes-lp-2024-05-24-big_2e304ec82c3ae0c2c977aeda919638f36480c7bc.jpg]
[www.boleteriavip.com.ar/event/description/807/lanus-vs-estudiantes-lp.html]
[www.boleteriavip.com.ar/imgs/talleres-vs-atl-tucuman-2024-05-18-big_925cb4b6ce1cc8900036832f7b847153606c1609.jpg]
[www.boleteriavip.com.ar/event/description/805/talleres-vs-atl-tucuman.html]
[www.boleteriavip.com.ar/imgs/colon-vs-chaco-for-ever-2024-05-19-big_cfba3a38caf95a0f5163b38cc106f10c6265a970.jpg]
[www.boleteriavip.com.ar/event/description/806/colon-vs-chaco-for-ever.html]
[www.boleteriavip.com.ar/imgs/lanus-vs-metropolitanos-2024-05-15-big_5812e28b09fa351dd4c0a4fbf584a5aa733f97fc.jpg]
[www.boleteriavip.com.ar/event/description/804/lanus-vs-metropolitanos.html]
[www.boleteriavip.com.ar/imgs/talleres-vs-cobresal-2024-05-14-big_b9ba6cbe563255b999405d2c56b3eaa96fb96767.jpg]
[www.boleteriavip.com.ar/event/description/792/talleres-vs-cobresal.html]
[www.boleteriavip.com.ar/imgs/union-vs-banfield-2024-05-13-big_2b370f7ac75a338499ae492a5ea57d540d19b08c.jpg]
[www.boleteriavip.com.ar/event/description/802/union-vs-banfield.html]
[www.boleteriavip.com.ar/imgs/lanus-vs-ind-rivadavia-2024-05-12-big_19cda34461c8d56d32ef5e0ef56d8a389663deaa.jpg]
[www.boleteriavip.com.ar/event/description/799/lanus-vs-ind-rivadavia.html]
[www.boleteriavip.com.ar/imgs/patronato-vs-chacarita-jrs-2024-05-12-big_3eb7b14a622bddc4a2af4f96bd498a3f92b48487.jpg]
[www.boleteriavip.com.ar/event/description/803/patronato-vs-chacarita-jrs.html]
[www.boleteriavip.com.ar/imgs/piel-sabalera-2024-05-12-big_555943c0f50baa44ee09b5344f69b3d1c02fa55c.jpg]
[www.boleteriavip.com.ar/event/description/794/piel-sabalera.html]
[www.boleteriavip.com.ar/imgs/newells-vs-platense-2024-05-10-big_bc9308ad844a524e702487bbaa9f612a4a86f18d.jpg]
[www.boleteriavip.com.ar/event/description/798/newells-vs-platense.html]
[www.boleteriavip.com.ar/imgs/talleres-vs-barcelona-e-2024-05-08-big_386bd0a243ccdef6773cc9fe6a951e834da82a3d.jpg]
[www.boleteriavip.com.ar/event/description/791/talleres-vs-barcelona-e.html]
[www.boleteriavip.com.ar/imgs/colon-vs-almagro-2024-05-03-big_2852f063fea013b54b0d95613be468129cf59ac0.jpg]
[www.boleteriavip.com.ar/event/description/796/colon-vs-almagro.html]
[www.boleteriavip.com.ar/imgs/union-vs-estudiantes-futbol-femenino-2024-04-28-big_508c66335290be30a329531ec0f96cd22fd85b5f.jpg]
[www.boleteriavip.com.ar/event/description/795/union-vs-estudiantes-futbol-femenino.html]
[www.boleteriavip.com.ar/imgs/patronato-vs-talleres-rde-2024-04-27-big_8a7ec499373a8d45ff20ede6ea14cbde344bf1a4.jpg]
[www.boleteriavip.com.ar/event/description/793/patronato-vs-talleres-rde.html]
[www.boleteriavip.com.ar/imgs/colon-vs-temperley-2024-04-20-big_48211e7ee98315fef2bc149e51dc5c4bf4733174.jpg]
[www.boleteriavip.com.ar/event/description/789/colon-vs-temperley.html]
[www.boleteriavip.com.ar/imgs/lanus-vs-estudiantes-lp-2024-04-16-big_54fff95c61cf858749cf87b783ba6f6d326db2b2.jpg]
[www.boleteriavip.com.ar/event/description/785/lanus-vs-estudiantes-lp.html]
[www.boleteriavip.com.ar/imgs/patronato-vs-san-miguel-2024-04-14-big_4ad5c910129ca5da63d85e0bb3e2afe245e2d782.jpg]
[www.boleteriavip.com.ar/event/description/784/patronato-vs-san-miguel.html]
[www.boleteriavip.com.ar/imgs/lanus-vs-dep-garcilaso-2024-04-11-big_0c5e2f5e4187691ade74b7c0acd745b0a8b33429.jpg]
[www.boleteriavip.com.ar/event/description/782/lanus-vs-dep-garcilaso.html]
[www.boleteriavip.com.ar/imgs/union-vs-belgrano-2024-04-06-big_321160f82e11b8f4d3c4789e96b10645c4c43da3.jpg]
[www.boleteriavip.com.ar/event/description/779/union-vs-belgrano.html]
[www.boleteriavip.com.ar/imgs/talleres-vs-independiente-mza-2024-04-06-big_16d09a95689875ee91c56a00e34aea00052e1006.jpg]
[www.boleteriavip.com.ar/event/description/780/talleres-vs-independiente-mza.html]
[www.boleteriavip.com.ar/imgs/newells-vs-boca-jrs-2024-04-06-big_98b221a417a459fb8f064be909664ca589850180.jpg]
[www.boleteriavip.com.ar/event/description/778/newells-vs-boca-jrs.html]
[www.boleteriavip.com.ar/imgs/colon-vs-nueva-chicago-2024-04-05-big_2fcb7c5732a94d5acab7da5e67953cb90fe5753e.jpg]
[www.boleteriavip.com.ar/event/description/777/colon-vs-nueva-chicago.html]
[www.boleteriavip.com.ar/imgs/talleres-vs-sao-paulo-2024-04-04-big_40e23a8f5d3973eb631fbda38214495b037bd439.jpg]
[www.boleteriavip.com.ar/event/description/769/talleres-vs-sao-paulo.html]
[www.boleteriavip.com.ar/imgs/patronato-vs-dep-maipu-2024-03-31-big_c6207bd46ed93e9bb97c9093b4b4fbed33cde985.jpg]
[www.boleteriavip.com.ar/event/description/776/patronato-vs-dep-maipu.html]
[www.boleteriavip.com.ar/imgs/talleres-vs-velez-sarsfield-2024-03-30-big_2a0c8c643588b5521e7d755c62f398745e911021.jpg]
[www.boleteriavip.com.ar/event/description/772/talleres-vs-velez-sarsfield.html]
[www.boleteriavip.com.ar/imgs/lanus-vs-union--2024-03-27-big_e54738960fcaf3311f8525da993c9535c0643243.jpg]
[www.boleteriavip.com.ar/event/description/770/lanus-vs-union-.html]
[www.boleteriavip.com.ar/imgs/colon-vs-gimnasia-s-2024-03-25-big_01ef0795ca33be0a681a60e7e02aac41b6abd274.jpg]
[www.boleteriavip.com.ar/event/description/767/colon-vs-gimnasia-s.html]
[www.boleteriavip.com.ar/imgs/union-vs-central-cordoba-2024-03-18-big_5db50f4ecbf9eed9b8160fe18857148308caf38a.jpg]
[www.boleteriavip.com.ar/event/description/766/union-vs-central-cordoba.html]
[www.boleteriavip.com.ar/imgs/patronato-vs-guemes-sde-2024-03-17-big_a0d5e83ec4d463e59f3f0420c6fe193af2c37f3c.jpg]
[www.boleteriavip.com.ar/event/description/765/patronato-vs-guemes-sde.html]
[www.boleteriavip.com.ar/imgs/newells-vs-plantese-2024-03-15-big_b82fe3ef79c769e37fc7df6b661c4d20a46faa89.jpg]
[www.boleteriavip.com.ar/event/description/764/newells-vs-plantese.html]
[www.boleteriavip.com.ar/imgs/talleres-vs--atl-tucuman-2024-03-10-big_bbf8f8c8dfcfe1234ac906df6f949d41795c94a1.jpg]
[www.boleteriavip.com.ar/event/description/761/talleres-vs--atl-tucuman.html]
[www.boleteriavip.com.ar/imgs/colon-vs-aldosivi-2024-03-10-big_193907a3fe54b527d9c6e0bf01b1cb1f5704fecc.jpg]
[www.boleteriavip.com.ar/event/description/760/colon-vs-aldosivi.html]
[www.boleteriavip.com.ar/imgs/sorteo-ingreso-a-la-cancha-2024-03-10-big_1f9bf66cf46af7db618b6934da8e8e454f2c3edd.jpg]
[www.boleteriavip.com.ar/event/description/763/sorteo-ingreso-a-la-cancha.html]
[www.boleteriavip.com.ar/imgs/newells-vs-tigre-2024-03-07-big_3f3df65d8f8913bfaa2e887549482968371de7c2.jpg]
[www.boleteriavip.com.ar/event/description/759/newells-vs-tigre.html]
[www.boleteriavip.com.ar/imgs/lanus-vs-central-cordoba-2024-03-07-big_7a16f694c2126ba4b3679885c27e772b0948437a.jpg]
[www.boleteriavip.com.ar/event/description/757/lanus-vs-central-cordoba.html]
[www.boleteriavip.com.ar/imgs/union-vs-boca-juniors-2024-03-06-big_eadcdc24b19d26c0df2a4d55470c6aaf1f7ac328.jpg]
[www.boleteriavip.com.ar/event/description/756/union-vs-boca-juniors.html]
[www.boleteriavip.com.ar/imgs/newells-vs-san-lorenzo-2024-03-03-big_50b153967459542dca81ce4937c5de67bfe2d94d.jpg]
[www.boleteriavip.com.ar/event/description/752/newells-vs-san-lorenzo.html]
[www.boleteriavip.com.ar/imgs/patronato-vs-racing-cba-2024-03-03-big_306d5de1b59fc963afecbb414032bf40c94d3f63.jpg]
[www.boleteriavip.com.ar/event/description/755/patronato-vs-racing-cba.html]
[www.boleteriavip.com.ar/imgs/talleres-vs-river-plate-2024-03-02-big_56178940118342c4f6e537eec875bc1ad621a835.jpg]
[www.boleteriavip.com.ar/event/description/753/talleres-vs-river-plate.html]
[www.boleteriavip.com.ar/imgs/lanus-vs-banfield-2024-02-25-big_f9890a88f576ce064e7613e324eb52db215190bb.jpg]
[www.boleteriavip.com.ar/event/description/746/lanus-vs-banfield.html]
[www.boleteriavip.com.ar/imgs/colon-vs-patronato-2024-02-25-big_61cf14ad488f0711d9e558a10f8603356a62fbcf.jpg]
[www.boleteriavip.com.ar/event/description/748/colon-vs-patronato.html]
[www.boleteriavip.com.ar/imgs/newells-vs-rosario-central-2024-02-25-big_3198599d98924c53021f226d5c60f8c95898990e.jpg]
[www.boleteriavip.com.ar/event/description/737/newells-vs-rosario-central.html]
[www.boleteriavip.com.ar/imgs/union-vs-ind-rivadavia-2024-02-24-big_73f8e2449e5775c600cfcdd9aacf4fb189f60d5b.jpg]
[www.boleteriavip.com.ar/event/description/749/union-vs-ind-rivadavia.html]
[www.boleteriavip.com.ar/imgs/union-vs-platense-2024-02-19-big_bf08bddfa1cd3955aaea70c14d6893ad2e32409a.jpg]
[www.boleteriavip.com.ar/event/description/744/union-vs-platense.html]
[www.boleteriavip.com.ar/imgs/lanus-vs-boca-jrs-2024-02-18-big_3a4de2f34725c788033d152d70b8780b27181b70.jpg]
[www.boleteriavip.com.ar/event/description/742/lanus-vs-boca-jrs.html]
[www.boleteriavip.com.ar/imgs/colon-vs-almirante-brown-2024-02-18-big_484724cbc1f4b614047430aa45dbaf95e1f0391e.jpg]
[www.boleteriavip.com.ar/event/description/741/colon-vs-almirante-brown.html]
[www.boleteriavip.com.ar/imgs/prueba-pileta-2023-11-28-big_83a1d3add71931048b3a44876b3553e6b3046415.jpg]
[www.boleteriavip.com.ar/event/description/715/complejo-acuatico-acceso-1802.html]
[www.boleteriavip.com.ar/imgs/talleres-vs-argentinos-jrs-2024-02-15-big_f2cac7af79639d1dbf86e7788eb0aebd2ea4988f.jpg]
[www.boleteriavip.com.ar/event/description/732/talleres-vs-argentinos-jrs.html]
[www.boleteriavip.com.ar/imgs/newells-vs-racing-2024-02-12-big_b21e0ca9ae7078d1ec31452c8a98b96c5884d49c.jpg]
[www.boleteriavip.com.ar/event/description/736/newells-vs-racing.html]
[www.boleteriavip.com.ar/imgs/patronato-vs-all-boys-2024-02-11-big_15766eafd139c026774fb1ebb590988e4bb45f91.jpg]
[www.boleteriavip.com.ar/event/description/740/patronato-vs-all-boys.html]
[www.boleteriavip.com.ar/imgs/union-vs-newells-2024-02-09-big_28eaa04a15bb4819e6082bfdeea8b3ed38141d98.jpg]
[www.boleteriavip.com.ar/event/description/735/union-vs-newells.html]
[www.boleteriavip.com.ar/imgs/newells-vs-belgrano-2024-02-04-big_b14024ce513622a7f587775a5e2568c66c63f7eb.jpg]
[www.boleteriavip.com.ar/event/description/731/newells-vs-belgrano.html]
[www.boleteriavip.com.ar/imgs/talleres-vs-rosario-central-2024-02-03-big_d379a1638818c9c24d8105b6ca476adba4047c76.jpg]
[www.boleteriavip.com.ar/event/description/729/talleres-vs-rosario-central.html]
[www.boleteriavip.com.ar/imgs/colon-vs-def-unidos-2024-02-03-big_eb0701ea644e41512a6d7fbb6cf25f9eb2f92fda.jpg]
[www.boleteriavip.com.ar/event/description/728/colon-vs-def-unidos.html]
[www.boleteriavip.com.ar/imgs/union-vs-estudiantes-lp-2024-02-01-big_cda763490cdfcc290031e6a443573626656f4fc7.jpg]
[www.boleteriavip.com.ar/event/description/726/union-vs-estudiantes-lp.html]
[www.boleteriavip.com.ar/imgs/lanus-vs-newells--2024-01-30-big_7e58a2dc876e2dc7afed5b65544e6d912c551742.jpg]
[www.boleteriavip.com.ar/event/description/725/lanus-vs-newells-.html]
[www.boleteriavip.com.ar/imgs/talleres-vs-gimnasia-lp-2024-01-26-big_e6731fd2e8736131759e620a55dc8490d030dfc7.jpg]
[www.boleteriavip.com.ar/event/description/724/talleres-vs-gimnasia-lp.html]
[www.boleteriavip.com.ar/auth/google/ingresar/index0c35.html]
[www.boleteriavip.com.ar/auth/google/ingresar/index43cd.html]
[www.boleteriavip.com.ar/auth/google/ingresar/indexb766.html]
[www.boleteriavip.com.ar/auth/google/ingresar/index4cc4.html]
[www.boleteriavip.com.ar/auth/google/ingresar/indexe426.html]
[www.boleteriavip.com.ar/auth/google/ingresar/indexfde5.html]
[www.boleteriavip.com.ar/css/talleres-theme-x263.min.css]
[www.boleteriavip.com.ar/images/talleres/logo-talleres-2023.png]
[www.boleteriavip.com.ar/socios/habilitacion/index8a65.html]
[www.boleteriavip.com.ar/imgs/pack-sudamericana-2024-2024-08-06-big_2199f29c4f71245b29593564a4315d3966d3c358.jpg]
[www.boleteriavip.com.ar/event/description/781/pack-sudamericana-2024.html]
[www.boleteriavip.com.ar/fonts/roboto-slab/roboto-slab-v33-latin-200.woff2]
[www.boleteriavip.com.ar/fonts/roboto-slab/roboto-slab-v33-latin-300.woff2]
[www.boleteriavip.com.ar/fonts/roboto-slab/roboto-slab-v33-latin-regular.woff2]
[www.boleteriavip.com.ar/fonts/roboto-slab/roboto-slab-v33-latin-500.woff2]
[www.boleteriavip.com.ar/fonts/roboto-slab/roboto-slab-v33-latin-600.woff2]
[www.boleteriavip.com.ar/fonts/roboto-slab/roboto-slab-v33-latin-700.woff2]
[www.boleteriavip.com.ar/fonts/roboto-slab/roboto-slab-v33-latin-800.woff2]
[www.boleteriavip.com.ar/css/lanus-theme-x263.min.css]
[www.boleteriavip.com.ar/images/lanus/escudo-lanus.png]
[www.boleteriavip.com.ar/images/lanus/lanus-banner-hace-todos-tus-tramites.jpg]
[www.boleteriavip.com.ar/images/lanus/lanus-banner-todos-tus-pagos-se-acreditan-en-el-acto.jpg]
[www.boleteriavip.com.ar/socios/habilitacion/indexaaab.html]
[www.boleteriavip.com.ar/cuota/identificacion/indexaaab.html]
[www.boleteriavip.com.ar/altasocio/datospersonales/lanus/indexaaab.html]
[www.boleteriavip.com.ar/ingresar9ba3.html]
[www.boleteriavip.com.ar/css/patronato-theme-x263.min.css]
[www.boleteriavip.com.ar/images/patronato/patronato-escudo-2023-small.png]
[www.boleteriavip.com.ar/socios/habilitacion/index2d50.html]
[www.boleteriavip.com.ar/cuota/identificacion/indexfc0b.html]
[www.boleteriavip.com.ar/altasocio/datospersonales/lanus/index2d50.html]
[www.boleteriavip.com.ar/cuota/identificacion/index8a65.html]
[www.boleteriavip.com.ar/altasocio/datospersonales/talleres/index8a65.html]
[www.boleteriavip.com.ar/images/cai/favicon.png]
[www.boleteriavip.com.ar/images/cai/favicon-180x180.png]
[www.boleteriavip.com.ar/fonts/barlow/barlow-v12-latin-200.woff2]
[www.boleteriavip.com.ar/fonts/barlow/barlow-v12-latin-300.woff2]
[www.boleteriavip.com.ar/fonts/barlow/barlow-v12-latin-regular.woff2]
[www.boleteriavip.com.ar/fonts/barlow/barlow-v12-latin-500.woff2]
[www.boleteriavip.com.ar/fonts/barlow/barlow-v12-latin-600.woff2]
[www.boleteriavip.com.ar/fonts/barlow/barlow-v12-latin-700.woff2]
[www.boleteriavip.com.ar/fonts/barlow/barlow-v12-latin-800.woff2]
[www.boleteriavip.com.ar/css/cai-theme-x263.min.css]
[www.boleteriavip.com.ar/images/cai/escudo-cai-v3.png]
[www.boleteriavip.com.ar/assets/images/caindependiente/cai-facebook.png]
[www.boleteriavip.com.ar/assets/images/caindependiente/cai-instagram-empty-2.png]
[www.boleteriavip.com.ar/assets/images/caindependiente/cai-twitter.png]
[www.boleteriavip.com.ar/assets/images/caindependiente/cai-youtube.png]
[www.boleteriavip.com.ar/images/cai/location-100x100.png]
[www.boleteriavip.com.ar/images/cai/phone-100x100.png]
[www.boleteriavip.com.ar/images/cai/mail-100x100.png]
[www.boleteriavip.com.ar/images/shared/boleteriavip-s-black.png]
[www.boleteriavip.com.ar/socios/habilitacion/index788b.html]
[www.boleteriavip.com.ar/cuota/identificacion/index788b.html]
[www.boleteriavip.com.ar/nuevoabono/socios/index788b.html]
[www.boleteriavip.com.ar/ingresar35eb.html]
[www.boleteriavip.com.ar/fonts/poppins/poppins-v20-latin-200.woff2]
[www.boleteriavip.com.ar/fonts/poppins/poppins-v20-latin-300.woff2]
[www.boleteriavip.com.ar/fonts/poppins/poppins-v20-latin-regular.woff2]
[www.boleteriavip.com.ar/fonts/poppins/poppins-v20-latin-500.woff2]
[www.boleteriavip.com.ar/fonts/poppins/poppins-v20-latin-600.woff2]
[www.boleteriavip.com.ar/fonts/poppins/poppins-v20-latin-700.woff2]
[www.boleteriavip.com.ar/fonts/poppins/poppins-v20-latin-800.woff2]
[www.boleteriavip.com.ar/css/newells-theme-x263.min.css]
[www.boleteriavip.com.ar/images/newells/escudo.png]
[www.boleteriavip.com.ar/images/newells/newells-banner.webm]
[www.boleteriavip.com.ar/images/newells/newells-banner.mp4]
[www.boleteriavip.com.ar/socios/habilitacion/indexc208.html]
[www.boleteriavip.com.ar/cuota/identificacion/indexc208.html]
[www.boleteriavip.com.ar/nuevoabono/socios/indexc208.html]
[www.boleteriavip.com.ar/altasocio/datospersonales/newells/indexc208.html]
[www.boleteriavip.com.ar/css/colon-theme-x263.min.css]
[www.boleteriavip.com.ar/images/colon/colon-escudo.png]
[www.boleteriavip.com.ar/socios/habilitacion/index7ede.html]
[www.boleteriavip.com.ar/cuota/identificacion/index7ede.html]
[www.boleteriavip.com.ar/nuevoabono/socios/index7ede.html]
[www.boleteriavip.com.ar/altasocio/datospersonales/colon/index7ede.html]
[www.boleteriavip.com.ar/imgs/trofeo-reyes-de-copas-2024-07-01-big_9159bbe50e14c248459dbfe380d04dee529c2fc2.jpg]
[www.boleteriavip.com.ar/event/description/830/trofeo-reyes-de-copas.html]
[www.boleteriavip.com.ar/images/caunion/favicon_32x32.png]
[www.boleteriavip.com.ar/images/caunion/favicon_180x180.png]
[www.boleteriavip.com.ar/css/caunion-theme-x263.min.css]
[www.boleteriavip.com.ar/images/caunion/logo-club-union.png]
[www.boleteriavip.com.ar/socios/habilitacion/index6f2c.html]
[www.boleteriavip.com.ar/cuota/identificacion/index6f2c.html]
[www.boleteriavip.com.ar/nuevoabono/socios/index6f2c.html]
[www.boleteriavip.com.ar/altasocio/datospersonales/caunion/index6f2c.html]
[www.boleteriavip.com.ar/imgs/independiente-vs-banfield-2024-06-12-big_76543d3edec743a98a309f7fef7a565c6ee97eaf.jpg]
[www.boleteriavip.com.ar/event/description/823/independiente-vs-banfield.html]
[www.boleteriavip.com.ar/nuevoabono/identificacion/indexaaab.html]
[www.boleteriavip.com.ar/imgs/independiente-vs-velez-sarsfield-2024-05-26-big_7b33d93d2a535228671022acaa8acf7639bc627f.jpg]
[www.boleteriavip.com.ar/event/description/810/independiente-vs-velez-sarsfield.html]
[www.boleteriavip.com.ar/imgs/pack-libertadores-2024-2024-05-20-big_d59ce2ae969cccbc86f3061973b7280161db7074.jpg]
[www.boleteriavip.com.ar/event/description/768/pack-libertadores-2024.html]
[www.boleteriavip.com.ar/imgs/independiente-vs-talleres-2024-05-11-big_8038e484784bb36887e890ea6caefda5b25372b3.jpg]
[www.boleteriavip.com.ar/event/description/800/independiente-vs-talleres.html]
[www.boleteriavip.com.ar/imgs/independiente-vs-talleres-2024-04-15-big_3955ce23997623ee4e0357483755dfb2c0bc134f.jpg]
[www.boleteriavip.com.ar/event/description/783/independiente-vs-talleres.html]
[www.boleteriavip.com.ar/imgs/independiente-vs-atl-tucuman-2024-03-31-big_1a328d1664d67e708a5fbce0e545d2882a8fff24.jpg]
[www.boleteriavip.com.ar/event/description/773/independiente-vs-atl-tucuman.html]
[www.boleteriavip.com.ar/imgs/sorteo-viaje-a-brasil-2024-04-26-big_1956a2487d6550958b677f06b04e69b0bd3898dc.jpg]
[www.boleteriavip.com.ar/event/description/774/sorteo-viaje-a-brasil.html]
[www.boleteriavip.com.ar/imgs/sorteo-viaje-a-brasil-2024-04-26-big_721e67e93bbade2263b4e78a9f59bce1de31616b.jpg]
[www.boleteriavip.com.ar/event/description/775/sorteo-viaje-a-brasil.html]
[www.boleteriavip.com.ar/imgs/independiente-vs-river-plate-2024-03-09-big_71c3c2d0e9a01f3eaf8707bfffeb82cabfa60e13.jpg]
[www.boleteriavip.com.ar/event/description/762/independiente-vs-river-plate.html]
[www.boleteriavip.com.ar/imgs/independiente-vs-argentinos-jrs-2024-03-02-big_2f826c4421acee56c3d230be83352dcb1999d90b.jpg]
[www.boleteriavip.com.ar/event/description/754/independiente-vs-argentinos-jrs.html]
[www.boleteriavip.com.ar/imgs/independiente-vs-racing-club-2024-02-24-big_ebc812468d9670df665298e85bd027dd143ecd37.jpg]
[www.boleteriavip.com.ar/event/description/745/independiente-vs-racing-club.html]
[www.boleteriavip.com.ar/imgs/independiente-vs-rosario-central-2024-02-13-big_2c275975fa2f0841d0f006d263035d803f75ae7e.jpg]
[www.boleteriavip.com.ar/event/description/739/independiente-vs-rosario-central.html]
[www.boleteriavip.com.ar/imgs/racing-vs-rosario-central-2022-09-30-big_b31d8293c42e62a1530e94c499eaa26c91daebe4.jpg]
[www.boleteriavip.com.ar/event/description/562/racing-vs-rosario-central.html]
[www.boleteriavip.com.ar/css/racing-theme-x263.min.css]
[www.boleteriavip.com.ar/images/racing/racing-escudo.png]
[www.boleteriavip.com.ar/images/racing/racing-carnet.png]
[www.boleteriavip.com.ar/socios/habilitacion/index5c72.html]
[www.boleteriavip.com.ar/cuota/identificacion/index5c72.html]
[www.boleteriavip.com.ar/nuevoabono/socios/index5c72.html]
[www.boleteriavip.com.ar/ingresar6f2a.html]
[www.boleteriavip.com.ar/imgs/colon-vs-argentinos-jrs-2022-09-26-big_5f551e2492bd32971cfb94f5437e0da79ed7a0ab.jpg]
[www.boleteriavip.com.ar/event/description/558/colon-vs-argentinos-jrs.html]
[www.boleteriavip.com.ar/imgs/racing-vs-union-sta-fe-2022-09-25-big_19f8d98861898fbf4be911cc0835bd331178f87b.jpg]
[www.boleteriavip.com.ar/event/description/559/racing-vs-union-sta-fe.html]
[www.boleteriavip.com.ar/imgs/lanus-vs-san-lorenzo-2022-09-24-big_41175acd59f15fe6d53e552a93f27638c71fedd4.jpg]
[www.boleteriavip.com.ar/event/description/560/lanus-vs-san-lorenzo.html]
[www.boleteriavip.com.ar/imgs/patronato-vs-rosario-central-2022-09-20-big_b9f217bc2eb312db7ec4ae05ddbef21266269873.jpg]
[www.boleteriavip.com.ar/event/description/557/patronato-vs-rosario-central.html]
[www.boleteriavip.com.ar/nuevoabono/identificacion/index2d50.html]
[www.boleteriavip.com.ar/imgs/talleres-vs-colon-2022-09-18-big_d80a253acb9163d4f5f0196f486fd6fd88385d49.jpg]
[www.boleteriavip.com.ar/event/description/556/talleres-vs-colon.html]
[www.boleteriavip.com.ar/event/description/723/abonos.html]
[www.boleteriavip.com.ar/sedes/informacion/racing.html]
[www.boleteriavip.com.ar/sedes/informacion/boleteriavip.html]
[www.boleteriavip.com.ar/sedes/informacion/paseshow.html]
[www.boleteriavip.com.ar/sedes/informacion/cai.html]
[www.boleteriavip.com.ar/auth/google/ingresar/index68ce.html]
[www.boleteriavip.com.ar/auth/google/ingresar/indexd890.html]
[www.boleteriavip.com.ar/category/description/1/futbol-2.html]
[www.boleteriavip.com.ar/auth/google/ingresar/indexff0b.html]
[www.boleteriavip.com.ar/category/description/11/actividades-2.html]
[www.boleteriavip.com.ar/css/talleres-theme-x263.min.css]
[www.boleteriavip.com.ar/ingresar7083.html]
[www.boleteriavip.com.ar/altasocio/referido/talleres/index8700.html]
[www.boleteriavip.com.ar/assets/images/lanus/lanusbg-min.webp]
[www.boleteriavip.com.ar/css/lanus-theme-x263.min.css]
[www.boleteriavip.com.ar/ingresare39c.html]
[www.boleteriavip.com.ar/ingresar659d.html]
[www.boleteriavip.com.ar/auth/google/ingresar/index85b5.html]
[www.boleteriavip.com.ar/recuperar_contrasena8a65.html]
[www.boleteriavip.com.ar/fonts/nunito-sans/nunito-sans-v15-latin-200.woff2]
[www.boleteriavip.com.ar/fonts/nunito-sans/nunito-sans-v15-latin-200italic.woff2]
[www.boleteriavip.com.ar/fonts/nunito-sans/nunito-sans-v15-latin-300.woff2]
[www.boleteriavip.com.ar/fonts/nunito-sans/nunito-sans-v15-latin-300italic.woff2]
[www.boleteriavip.com.ar/fonts/nunito-sans/nunito-sans-v15-latin-regular.woff2]
[www.boleteriavip.com.ar/fonts/nunito-sans/nunito-sans-v15-latin-italic.woff2]
[www.boleteriavip.com.ar/fonts/nunito-sans/nunito-sans-v15-latin-500.woff2]
[www.boleteriavip.com.ar/fonts/nunito-sans/nunito-sans-v15-latin-500italic.woff2]
[www.boleteriavip.com.ar/fonts/nunito-sans/nunito-sans-v15-latin-600.woff2]
[www.boleteriavip.com.ar/fonts/nunito-sans/nunito-sans-v15-latin-600italic.woff2]
[www.boleteriavip.com.ar/fonts/nunito-sans/nunito-sans-v15-latin-700.woff2]
[www.boleteriavip.com.ar/fonts/nunito-sans/nunito-sans-v15-latin-700italic.woff2]
[www.boleteriavip.com.ar/fonts/nunito-sans/nunito-sans-v15-latin-800.woff2]
[www.boleteriavip.com.ar/fonts/nunito-sans/nunito-sans-v15-latin-800italic.woff2]
[www.boleteriavip.com.ar/fonts/nunito-sans/nunito-sans-v15-latin-900.woff2]
[www.boleteriavip.com.ar/fonts/nunito-sans/nunito-sans-v15-latin-900italic.woff2]
[www.boleteriavip.com.ar/css/patronato-theme-x263.min.css]
[www.boleteriavip.com.ar/ingresarfa95.html]
[www.boleteriavip.com.ar/ingresar4e7c.html]
[www.boleteriavip.com.ar/ingresar05c5.html]
[www.boleteriavip.com.ar/ingresar3635.html]
[www.boleteriavip.com.ar/fonts/barlow/barlow-v12-latin-200italic.woff2]
[www.boleteriavip.com.ar/fonts/barlow/barlow-v12-latin-300italic.woff2]
[www.boleteriavip.com.ar/fonts/barlow/barlow-v12-latin-italic.woff2]
[www.boleteriavip.com.ar/fonts/barlow/barlow-v12-latin-500italic.woff2]
[www.boleteriavip.com.ar/fonts/barlow/barlow-v12-latin-600italic.woff2]
[www.boleteriavip.com.ar/fonts/barlow/barlow-v12-latin-700italic.woff2]
[www.boleteriavip.com.ar/fonts/barlow/barlow-v12-latin-800italic.woff2]
[www.boleteriavip.com.ar/css/cai-theme-x263.min.css]
[www.boleteriavip.com.ar/ingresar771d.html]
[www.boleteriavip.com.ar/ingresare780.html]
[www.boleteriavip.com.ar/auth/google/ingresar/indexd870.html]
[www.boleteriavip.com.ar/recuperar_contrasenaaaab.html]
[www.boleteriavip.com.ar/fonts/poppins/poppins-v20-latin-200italic.woff2]
[www.boleteriavip.com.ar/fonts/poppins/poppins-v20-latin-300italic.woff2]
[www.boleteriavip.com.ar/fonts/poppins/poppins-v20-latin-italic.woff2]
[www.boleteriavip.com.ar/fonts/poppins/poppins-v20-latin-500italic.woff2]
[www.boleteriavip.com.ar/fonts/poppins/poppins-v20-latin-600italic.woff2]
[www.boleteriavip.com.ar/fonts/poppins/poppins-v20-latin-700italic.woff2]
[www.boleteriavip.com.ar/fonts/poppins/poppins-v20-latin-800italic.woff2]
[www.boleteriavip.com.ar/css/newells-theme-x263.min.css]
[www.boleteriavip.com.ar/ingresar2eed.html]
[www.boleteriavip.com.ar/ingresar9abe.html]
[www.boleteriavip.com.ar/ingresar3973.html]
[www.boleteriavip.com.ar/css/colon-theme-x263.min.css]
[www.boleteriavip.com.ar/ingresard1c6.html]
[www.boleteriavip.com.ar/ingresar9203.html]
[www.boleteriavip.com.ar/ingresarc396.html]
[www.boleteriavip.com.ar/css/caunion-theme-x263.min.css]
[www.boleteriavip.com.ar/ingresar7f38.html]
[www.boleteriavip.com.ar/ingresara019.html]
[www.boleteriavip.com.ar/ingresar4f72.html]
[www.boleteriavip.com.ar/ingresar5288.html]
[www.boleteriavip.com.ar/css/racing-theme-x263.min.css]
[www.boleteriavip.com.ar/ingresar7131.html]
[www.boleteriavip.com.ar/ingresar45be.html]
[www.boleteriavip.com.ar/auth/google/ingresar/index8ae5.html]
[www.boleteriavip.com.ar/recuperar_contrasena5c72.html]
[www.boleteriavip.com.ar/ingresara30a.html]
[www.boleteriavip.com.ar/auth/google/ingresar/index11e2.html]
[www.boleteriavip.com.ar/auth/google/ingresar/index421c.html]
[www.boleteriavip.com.ar/auth/google/ingresar/indexf86c.html]
[www.boleteriavip.com.ar/auth/google/ingresar/index3ea1.html]
[www.boleteriavip.com.ar/auth/google/ingresar/index7ec5.html]
[www.boleteriavip.com.ar/recuperar_contrasena2d50.html]
[www.boleteriavip.com.ar/auth/google/ingresar/index2071.html]
[www.boleteriavip.com.ar/auth/google/ingresar/index3f27.html]
[www.boleteriavip.com.ar/auth/google/ingresar/index754b.html]
[www.boleteriavip.com.ar/recuperar_contrasena788b.html]
[www.boleteriavip.com.ar/auth/google/ingresar/index4f34.html]
[www.boleteriavip.com.ar/auth/google/ingresar/indexcd5f.html]
[www.boleteriavip.com.ar/recuperar_contrasenac208.html]
[www.boleteriavip.com.ar/auth/google/ingresar/indexc435.html]
[www.boleteriavip.com.ar/auth/google/ingresar/indexfa06.html]
[www.boleteriavip.com.ar/auth/google/ingresar/indexdb2e.html]
[www.boleteriavip.com.ar/recuperar_contrasena7ede.html]
[www.boleteriavip.com.ar/auth/google/ingresar/index55c2.html]
[www.boleteriavip.com.ar/auth/google/ingresar/indexcb52.html]
[www.boleteriavip.com.ar/auth/google/ingresar/index4379.html]
[www.boleteriavip.com.ar/recuperar_contrasena6f2c.html]
[www.boleteriavip.com.ar/auth/google/ingresar/indexd150.html]
[www.boleteriavip.com.ar/auth/google/ingresar/index9357.html]
[www.boleteriavip.com.ar/auth/google/ingresar/index16ea.html]
[www.boleteriavip.com.ar/auth/google/ingresar/indexa7ab.html]
[www.boleteriavip.com.ar/auth/google/ingresar/indexfa22.html]
[www.boleteriavip.com.ar/auth/google/ingresar/index639f.html]
